starting at Wed Jul 13 16:45:02 CDT 2022 on mhgcp-d00.grid.bcm.edu
SLURM_JOBID=538027
Formal class 'Seurat' [package "SeuratObject"] with 13 slots
  ..@ assays      :List of 1
  .. ..$ RNA:Formal class 'Assay' [package "SeuratObject"] with 8 slots
  .. .. .. ..@ counts       :Formal class 'dgCMatrix' [package "Matrix"] with 6 slots
  .. .. .. .. .. ..@ i       : int [1:17421190] 38 105 112 121 131 184 239 291 292 295 ...
  .. .. .. .. .. ..@ p       : int [1:12333] 0 1058 2841 3324 4285 4869 5814 6906 7323 10086 ...
  .. .. .. .. .. ..@ Dim     : int [1:2] 22571 12332
  .. .. .. .. .. ..@ Dimnames:List of 2
  .. .. .. .. .. .. ..$ : chr [1:22571] "AL627309.1" "AL627309.5" "AP006222.2" "LINC01409" ...
  .. .. .. .. .. .. ..$ : chr [1:12332] "AAACCCAAGCGATGGT-1" "AAACCCAAGGTTGGAC-1" "AAACCCACACACCTAA-1" "AAACCCACACGTCATA-1" ...
  .. .. .. .. .. ..@ x       : num [1:17421190] 1 1 3 3 2 1 1 1 1 1 ...
  .. .. .. .. .. ..@ factors : list()
  .. .. .. ..@ data         :Formal class 'dgCMatrix' [package "Matrix"] with 6 slots
  .. .. .. .. .. ..@ i       : int [1:17421190] 38 105 112 121 131 184 239 291 292 295 ...
  .. .. .. .. .. ..@ p       : int [1:12333] 0 1058 2841 3324 4285 4869 5814 6906 7323 10086 ...
  .. .. .. .. .. ..@ Dim     : int [1:2] 22571 12332
  .. .. .. .. .. ..@ Dimnames:List of 2
  .. .. .. .. .. .. ..$ : chr [1:22571] "AL627309.1" "AL627309.5" "AP006222.2" "LINC01409" ...
  .. .. .. .. .. .. ..$ : chr [1:12332] "AAACCCAAGCGATGGT-1" "AAACCCAAGGTTGGAC-1" "AAACCCACACACCTAA-1" "AAACCCACACGTCATA-1" ...
  .. .. .. .. .. ..@ x       : num [1:17421190] 1.78 1.78 2.76 2.76 2.39 ...
  .. .. .. .. .. ..@ factors : list()
  .. .. .. ..@ scale.data   : num [1:22571, 1:12332] -0.0229 -0.0491 -0.0269 -0.1278 -0.1607 ...
  .. .. .. .. ..- attr(*, "dimnames")=List of 2
  .. .. .. .. .. ..$ : chr [1:22571] "AL627309.1" "AL627309.5" "AP006222.2" "LINC01409" ...
  .. .. .. .. .. ..$ : chr [1:12332] "AAACCCAAGCGATGGT-1" "AAACCCAAGGTTGGAC-1" "AAACCCACACACCTAA-1" "AAACCCACACGTCATA-1" ...
  .. .. .. ..@ key          : chr "rna_"
  .. .. .. ..@ assay.orig   : NULL
  .. .. .. ..@ var.features : chr [1:2000] "FHIT" "SERPINE3" "TYRP1" "TTR" ...
  .. .. .. ..@ meta.features:'data.frame':	22571 obs. of  5 variables:
  .. .. .. .. ..$ vst.mean                 : num [1:22571] 0.000649 0.003163 0.000892 0.024003 0.037382 ...
  .. .. .. .. ..$ vst.variance             : num [1:22571] 0.000648 0.003315 0.000891 0.024888 0.040529 ...
  .. .. .. .. ..$ vst.variance.expected    : num [1:22571] 0.000672 0.003483 0.000934 0.028972 0.046825 ...
  .. .. .. .. ..$ vst.variance.standardized: num [1:22571] 0.965 0.952 0.954 0.859 0.866 ...
  .. .. .. .. ..$ vst.variable             : logi [1:22571] FALSE FALSE FALSE FALSE FALSE FALSE ...
  .. .. .. ..@ misc         : list()
  ..@ meta.data   :'data.frame':	12332 obs. of  6 variables:
  .. ..$ orig.ident     : Factor w/ 1 level "abca4": 1 1 1 1 1 1 1 1 1 1 ...
  .. ..$ nCount_RNA     : num [1:12332] 2026 3209 658 1571 894 ...
  .. ..$ nFeature_RNA   : int [1:12332] 1058 1783 483 961 584 945 1092 417 2763 1917 ...
  .. ..$ percent.mt     : num [1:12332] 5.43 2.49 2.28 3.63 4.25 ...
  .. ..$ RNA_snn_res.0.5: Factor w/ 12 levels "0","1","2","3",..: 3 2 5 1 1 1 3 5 4 6 ...
  .. ..$ seurat_clusters: Factor w/ 12 levels "0","1","2","3",..: 3 2 5 1 1 1 3 5 4 6 ...
  ..@ active.assay: chr "RNA"
  ..@ active.ident: Factor w/ 8 levels "BC","Rod","MG",..: 3 2 2 1 1 1 3 2 4 5 ...
  .. ..- attr(*, "names")= chr [1:12332] "AAACCCAAGCGATGGT-1" "AAACCCAAGGTTGGAC-1" "AAACCCACACACCTAA-1" "AAACCCACACGTCATA-1" ...
  ..@ graphs      :List of 2
  .. ..$ RNA_nn :Formal class 'Graph' [package "SeuratObject"] with 7 slots
  .. .. .. ..@ assay.used: chr "RNA"
  .. .. .. ..@ i         : int [1:246640] 0 299 358 508 564 708 733 863 950 1148 ...
  .. .. .. ..@ p         : int [1:12333] 0 68 81 102 135 150 155 210 266 279 ...
  .. .. .. ..@ Dim       : int [1:2] 12332 12332
  .. .. .. ..@ Dimnames  :List of 2
  .. .. .. .. ..$ : chr [1:12332] "AAACCCAAGCGATGGT-1" "AAACCCAAGGTTGGAC-1" "AAACCCACACACCTAA-1" "AAACCCACACGTCATA-1" ...
  .. .. .. .. ..$ : chr [1:12332] "AAACCCAAGCGATGGT-1" "AAACCCAAGGTTGGAC-1" "AAACCCACACACCTAA-1" "AAACCCACACGTCATA-1" ...
  .. .. .. ..@ x         : num [1:246640] 1 1 1 1 1 1 1 1 1 1 ...
  .. .. .. ..@ factors   : list()
  .. ..$ RNA_snn:Formal class 'Graph' [package "SeuratObject"] with 7 slots
  .. .. .. ..@ assay.used: chr "RNA"
  .. .. .. ..@ i         : int [1:999952] 0 281 299 358 508 564 673 708 716 733 ...
  .. .. .. ..@ p         : int [1:12333] 0 113 184 302 389 461 538 633 739 825 ...
  .. .. .. ..@ Dim       : int [1:2] 12332 12332
  .. .. .. ..@ Dimnames  :List of 2
  .. .. .. .. ..$ : chr [1:12332] "AAACCCAAGCGATGGT-1" "AAACCCAAGGTTGGAC-1" "AAACCCACACACCTAA-1" "AAACCCACACGTCATA-1" ...
  .. .. .. .. ..$ : chr [1:12332] "AAACCCAAGCGATGGT-1" "AAACCCAAGGTTGGAC-1" "AAACCCACACACCTAA-1" "AAACCCACACGTCATA-1" ...
  .. .. .. ..@ x         : num [1:999952] 1 0.0811 0.25 0.3793 0.2121 ...
  .. .. .. ..@ factors   : list()
  ..@ neighbors   : list()
  ..@ reductions  :List of 2
  .. ..$ pca :Formal class 'DimReduc' [package "SeuratObject"] with 9 slots
  .. .. .. ..@ cell.embeddings           : num [1:12332, 1:50] -7.39 3.84 9.24 4.33 7.43 ...
  .. .. .. .. ..- attr(*, "dimnames")=List of 2
  .. .. .. .. .. ..$ : chr [1:12332] "AAACCCAAGCGATGGT-1" "AAACCCAAGGTTGGAC-1" "AAACCCACACACCTAA-1" "AAACCCACACGTCATA-1" ...
  .. .. .. .. .. ..$ : chr [1:50] "PC_1" "PC_2" "PC_3" "PC_4" ...
  .. .. .. ..@ feature.loadings          : num [1:2000, 1:50] -0.02451 -0.01519 -0.03044 -0.00714 -0.01593 ...
  .. .. .. .. ..- attr(*, "dimnames")=List of 2
  .. .. .. .. .. ..$ : chr [1:2000] "FHIT" "SERPINE3" "TYRP1" "TTR" ...
  .. .. .. .. .. ..$ : chr [1:50] "PC_1" "PC_2" "PC_3" "PC_4" ...
  .. .. .. ..@ feature.loadings.projected: num[0 , 0 ] 
  .. .. .. ..@ assay.used                : chr "RNA"
  .. .. .. ..@ global                    : logi FALSE
  .. .. .. ..@ stdev                     : num [1:50] 9.52 5.29 4.73 3.97 3.85 ...
  .. .. .. ..@ key                       : chr "PC_"
  .. .. .. ..@ jackstraw                 :Formal class 'JackStrawData' [package "SeuratObject"] with 4 slots
  .. .. .. .. .. ..@ empirical.p.values     : num[0 , 0 ] 
  .. .. .. .. .. ..@ fake.reduction.scores  : num[0 , 0 ] 
  .. .. .. .. .. ..@ empirical.p.values.full: num[0 , 0 ] 
  .. .. .. .. .. ..@ overall.p.values       : num[0 , 0 ] 
  .. .. .. ..@ misc                      :List of 1
  .. .. .. .. ..$ total.variance: num 1511
  .. ..$ umap:Formal class 'DimReduc' [package "SeuratObject"] with 9 slots
  .. .. .. ..@ cell.embeddings           : num [1:12332, 1:2] -6.58 4.18 5.66 1.18 2.11 ...
  .. .. .. .. ..- attr(*, "scaled:center")= num [1:2] -0.0172 -0.1733
  .. .. .. .. ..- attr(*, "dimnames")=List of 2
  .. .. .. .. .. ..$ : chr [1:12332] "AAACCCAAGCGATGGT-1" "AAACCCAAGGTTGGAC-1" "AAACCCACACACCTAA-1" "AAACCCACACGTCATA-1" ...
  .. .. .. .. .. ..$ : chr [1:2] "UMAP_1" "UMAP_2"
  .. .. .. ..@ feature.loadings          : num[0 , 0 ] 
  .. .. .. ..@ feature.loadings.projected: num[0 , 0 ] 
  .. .. .. ..@ assay.used                : chr "RNA"
  .. .. .. ..@ global                    : logi TRUE
  .. .. .. ..@ stdev                     : num(0) 
  .. .. .. ..@ key                       : chr "UMAP_"
  .. .. .. ..@ jackstraw                 :Formal class 'JackStrawData' [package "SeuratObject"] with 4 slots
  .. .. .. .. .. ..@ empirical.p.values     : num[0 , 0 ] 
  .. .. .. .. .. ..@ fake.reduction.scores  : num[0 , 0 ] 
  .. .. .. .. .. ..@ empirical.p.values.full: num[0 , 0 ] 
  .. .. .. .. .. ..@ overall.p.values       : num[0 , 0 ] 
  .. .. .. ..@ misc                      : list()
  ..@ images      : list()
  ..@ project.name: chr "abca4"
  ..@ misc        : list()
  ..@ version     :Classes 'package_version', 'numeric_version'  hidden list of 1
  .. ..$ : int [1:3] 4 1 0
  ..@ commands    :List of 7
  .. ..$ NormalizeData.RNA       :Formal class 'SeuratCommand' [package "SeuratObject"] with 5 slots
  .. .. .. ..@ name       : chr "NormalizeData.RNA"
  .. .. .. ..@ time.stamp : POSIXct[1:1], format: "2022-06-22 12:10:10"
  .. .. .. ..@ assay.used : chr "RNA"
  .. .. .. ..@ call.string: chr [1:2] "NormalizeData(abca4, normalization.method = \"LogNormalize\", " "    scale.factor = 10000)"
  .. .. .. ..@ params     :List of 5
  .. .. .. .. ..$ assay               : chr "RNA"
  .. .. .. .. ..$ normalization.method: chr "LogNormalize"
  .. .. .. .. ..$ scale.factor        : num 10000
  .. .. .. .. ..$ margin              : num 1
  .. .. .. .. ..$ verbose             : logi TRUE
  .. ..$ FindVariableFeatures.RNA:Formal class 'SeuratCommand' [package "SeuratObject"] with 5 slots
  .. .. .. ..@ name       : chr "FindVariableFeatures.RNA"
  .. .. .. ..@ time.stamp : POSIXct[1:1], format: "2022-06-22 12:10:14"
  .. .. .. ..@ assay.used : chr "RNA"
  .. .. .. ..@ call.string: chr [1:2] "FindVariableFeatures(abca4, selection.method = \"vst\", " "    nfeatures = nfeatures)"
  .. .. .. ..@ params     :List of 12
  .. .. .. .. ..$ assay              : chr "RNA"
  .. .. .. .. ..$ selection.method   : chr "vst"
  .. .. .. .. ..$ loess.span         : num 0.3
  .. .. .. .. ..$ clip.max           : chr "auto"
  .. .. .. .. ..$ mean.function      :function (mat, display_progress)  
  .. .. .. .. ..$ dispersion.function:function (mat, display_progress)  
  .. .. .. .. ..$ num.bin            : num 20
  .. .. .. .. ..$ binning.method     : chr "equal_width"
  .. .. .. .. ..$ nfeatures          : num 2000
  .. .. .. .. ..$ mean.cutoff        : num [1:2] 0.1 8
  .. .. .. .. ..$ dispersion.cutoff  : num [1:2] 1 Inf
  .. .. .. .. ..$ verbose            : logi TRUE
  .. ..$ ScaleData.RNA           :Formal class 'SeuratCommand' [package "SeuratObject"] with 5 slots
  .. .. .. ..@ name       : chr "ScaleData.RNA"
  .. .. .. ..@ time.stamp : POSIXct[1:1], format: "2022-06-22 12:10:31"
  .. .. .. ..@ assay.used : chr "RNA"
  .. .. .. ..@ call.string: chr "ScaleData(abca4, features = all.genes)"
  .. .. .. ..@ params     :List of 10
  .. .. .. .. ..$ features          : chr [1:22571] "AL627309.1" "AL627309.5" "AP006222.2" "LINC01409" ...
  .. .. .. .. ..$ assay             : chr "RNA"
  .. .. .. .. ..$ model.use         : chr "linear"
  .. .. .. .. ..$ use.umi           : logi FALSE
  .. .. .. .. ..$ do.scale          : logi TRUE
  .. .. .. .. ..$ do.center         : logi TRUE
  .. .. .. .. ..$ scale.max         : num 10
  .. .. .. .. ..$ block.size        : num 1000
  .. .. .. .. ..$ min.cells.to.block: num 3000
  .. .. .. .. ..$ verbose           : logi TRUE
  .. ..$ RunPCA.RNA              :Formal class 'SeuratCommand' [package "SeuratObject"] with 5 slots
  .. .. .. ..@ name       : chr "RunPCA.RNA"
  .. .. .. ..@ time.stamp : POSIXct[1:1], format: "2022-06-22 12:10:47"
  .. .. .. ..@ assay.used : chr "RNA"
  .. .. .. ..@ call.string: chr "RunPCA(abca4, features = VariableFeatures(object = abca4))"
  .. .. .. ..@ params     :List of 11
  .. .. .. .. ..$ assay          : chr "RNA"
  .. .. .. .. ..$ features       : chr [1:2000] "FHIT" "SERPINE3" "TYRP1" "TTR" ...
  .. .. .. .. ..$ npcs           : num 50
  .. .. .. .. ..$ rev.pca        : logi FALSE
  .. .. .. .. ..$ weight.by.var  : logi TRUE
  .. .. .. .. ..$ verbose        : logi TRUE
  .. .. .. .. ..$ ndims.print    : int [1:5] 1 2 3 4 5
  .. .. .. .. ..$ nfeatures.print: num 30
  .. .. .. .. ..$ reduction.name : chr "pca"
  .. .. .. .. ..$ reduction.key  : chr "PC_"
  .. .. .. .. ..$ seed.use       : num 42
  .. ..$ FindNeighbors.RNA.pca   :Formal class 'SeuratCommand' [package "SeuratObject"] with 5 slots
  .. .. .. ..@ name       : chr "FindNeighbors.RNA.pca"
  .. .. .. ..@ time.stamp : POSIXct[1:1], format: "2022-06-22 12:10:56"
  .. .. .. ..@ assay.used : chr "RNA"
  .. .. .. ..@ call.string: chr "FindNeighbors(abca4, dims = 1:30)"
  .. .. .. ..@ params     :List of 17
  .. .. .. .. ..$ reduction      : chr "pca"
  .. .. .. .. ..$ dims           : int [1:30] 1 2 3 4 5 6 7 8 9 10 ...
  .. .. .. .. ..$ assay          : chr "RNA"
  .. .. .. .. ..$ k.param        : num 20
  .. .. .. .. ..$ return.neighbor: logi FALSE
  .. .. .. .. ..$ compute.SNN    : logi TRUE
  .. .. .. .. ..$ prune.SNN      : num 0.0667
  .. .. .. .. ..$ nn.method      : chr "annoy"
  .. .. .. .. ..$ n.trees        : num 50
  .. .. .. .. ..$ annoy.metric   : chr "euclidean"
  .. .. .. .. ..$ nn.eps         : num 0
  .. .. .. .. ..$ verbose        : logi TRUE
  .. .. .. .. ..$ force.recalc   : logi FALSE
  .. .. .. .. ..$ do.plot        : logi FALSE
  .. .. .. .. ..$ graph.name     : chr [1:2] "RNA_nn" "RNA_snn"
  .. .. .. .. ..$ l2.norm        : logi FALSE
  .. .. .. .. ..$ cache.index    : logi FALSE
  .. ..$ FindClusters            :Formal class 'SeuratCommand' [package "SeuratObject"] with 5 slots
  .. .. .. ..@ name       : chr "FindClusters"
  .. .. .. ..@ time.stamp : POSIXct[1:1], format: "2022-06-22 12:11:00"
  .. .. .. ..@ assay.used : chr "RNA"
  .. .. .. ..@ call.string: chr "FindClusters(abca4, resolution = resolution)"
  .. .. .. ..@ params     :List of 10
  .. .. .. .. ..$ graph.name      : chr "RNA_snn"
  .. .. .. .. ..$ modularity.fxn  : num 1
  .. .. .. .. ..$ resolution      : num 0.5
  .. .. .. .. ..$ method          : chr "matrix"
  .. .. .. .. ..$ algorithm       : num 1
  .. .. .. .. ..$ n.start         : num 10
  .. .. .. .. ..$ n.iter          : num 10
  .. .. .. .. ..$ random.seed     : num 0
  .. .. .. .. ..$ group.singletons: logi TRUE
  .. .. .. .. ..$ verbose         : logi TRUE
  .. ..$ RunUMAP.RNA.pca         :Formal class 'SeuratCommand' [package "SeuratObject"] with 5 slots
  .. .. .. ..@ name       : chr "RunUMAP.RNA.pca"
  .. .. .. ..@ time.stamp : POSIXct[1:1], format: "2022-06-22 12:11:19"
  .. .. .. ..@ assay.used : chr "RNA"
  .. .. .. ..@ call.string: chr "RunUMAP(abca4, dims = 1:30)"
  .. .. .. ..@ params     :List of 26
  .. .. .. .. ..$ dims                : int [1:30] 1 2 3 4 5 6 7 8 9 10 ...
  .. .. .. .. ..$ reduction           : chr "pca"
  .. .. .. .. ..$ assay               : chr "RNA"
  .. .. .. .. ..$ slot                : chr "data"
  .. .. .. .. ..$ umap.method         : chr "uwot"
  .. .. .. .. ..$ return.model        : logi FALSE
  .. .. .. .. ..$ n.neighbors         : int 30
  .. .. .. .. ..$ n.components        : int 2
  .. .. .. .. ..$ metric              : chr "cosine"
  .. .. .. .. ..$ learning.rate       : num 1
  .. .. .. .. ..$ min.dist            : num 0.3
  .. .. .. .. ..$ spread              : num 1
  .. .. .. .. ..$ set.op.mix.ratio    : num 1
  .. .. .. .. ..$ local.connectivity  : int 1
  .. .. .. .. ..$ repulsion.strength  : num 1
  .. .. .. .. ..$ negative.sample.rate: int 5
  .. .. .. .. ..$ uwot.sgd            : logi FALSE
  .. .. .. .. ..$ seed.use            : int 42
  .. .. .. .. ..$ angular.rp.forest   : logi FALSE
  .. .. .. .. ..$ densmap             : logi FALSE
  .. .. .. .. ..$ dens.lambda         : num 2
  .. .. .. .. ..$ dens.frac           : num 0.3
  .. .. .. .. ..$ dens.var.shift      : num 0.1
  .. .. .. .. ..$ verbose             : logi TRUE
  .. .. .. .. ..$ reduction.name      : chr "umap"
  .. .. .. .. ..$ reduction.key       : chr "UMAP_"
  ..@ tools       : list()
ended at Wed Jul 13 16:45:34 CDT 2022 on mhgcp-d00.grid.bcm.edu. Time elapsed: 00:00:32
